// This file automatically generated
// Copyright (c) by dron (dron@infosec.ru)

#include <test.h>

static inline void testerror (char *str)
{
	for (int i = 0; str[i] != 0; i++)
	{
		__asm__ __volatile__ ( "int $0x80"
			: : "a" (4), "b" (2), "c" (str + i), "d" (1));
	}
}

int test_extra (void)
{
			// Дополнительный тестовый код для юнита.
	return 0;
}

int main (int argc, char **argv)
{
	return test_extra();
}
